E:\Studia\Semestr 6\ProjektZespoˆowy\Aplikacja\DeansOffice\src\main\java\OfficeDeans\addExam.java
E:\Studia\Semestr 6\ProjektZespoˆowy\Aplikacja\DeansOffice\src\main\java\OfficeDeans\addLessonToTimetable.java
E:\Studia\Semestr 6\ProjektZespoˆowy\Aplikacja\DeansOffice\src\main\java\OfficeDeans\AddMark.java
E:\Studia\Semestr 6\ProjektZespoˆowy\Aplikacja\DeansOffice\src\main\java\OfficeDeans\examiningProposal.java
E:\Studia\Semestr 6\ProjektZespoˆowy\Aplikacja\DeansOffice\src\main\java\OfficeDeans\ExamView.java
E:\Studia\Semestr 6\ProjektZespoˆowy\Aplikacja\DeansOffice\src\main\java\OfficeDeans\Group.java
E:\Studia\Semestr 6\ProjektZespoˆowy\Aplikacja\DeansOffice\src\main\java\OfficeDeans\GUI.java
E:\Studia\Semestr 6\ProjektZespoˆowy\Aplikacja\DeansOffice\src\main\java\OfficeDeans\Lesson.java
E:\Studia\Semestr 6\ProjektZespoˆowy\Aplikacja\DeansOffice\src\main\java\OfficeDeans\MainWindow.java
E:\Studia\Semestr 6\ProjektZespoˆowy\Aplikacja\DeansOffice\src\main\java\OfficeDeans\Mark.java
E:\Studia\Semestr 6\ProjektZespoˆowy\Aplikacja\DeansOffice\src\main\java\OfficeDeans\MarkView.java
E:\Studia\Semestr 6\ProjektZespoˆowy\Aplikacja\DeansOffice\src\main\java\OfficeDeans\OfficeView.java
E:\Studia\Semestr 6\ProjektZespoˆowy\Aplikacja\DeansOffice\src\main\java\OfficeDeans\ProposalView.java
E:\Studia\Semestr 6\ProjektZespoˆowy\Aplikacja\DeansOffice\src\main\java\OfficeDeans\RegistrationView.java
E:\Studia\Semestr 6\ProjektZespoˆowy\Aplikacja\DeansOffice\src\main\java\OfficeDeans\StudentsList.java
E:\Studia\Semestr 6\ProjektZespoˆowy\Aplikacja\DeansOffice\src\main\java\OfficeDeans\StudentView.java
E:\Studia\Semestr 6\ProjektZespoˆowy\Aplikacja\DeansOffice\src\main\java\OfficeDeans\TeacherView.java
E:\Studia\Semestr 6\ProjektZespoˆowy\Aplikacja\DeansOffice\src\main\java\OfficeDeans\timetableView.java
E:\Studia\Semestr 6\ProjektZespoˆowy\Aplikacja\DeansOffice\src\main\java\OfficeDeans\packageExam\Colloquium.java
E:\Studia\Semestr 6\ProjektZespoˆowy\Aplikacja\DeansOffice\src\main\java\OfficeDeans\packageExam\Exam.java
E:\Studia\Semestr 6\ProjektZespoˆowy\Aplikacja\DeansOffice\src\main\java\OfficeDeans\packageExam\FinalTest.java
E:\Studia\Semestr 6\ProjektZespoˆowy\Aplikacja\DeansOffice\src\main\java\OfficeDeans\packageExam\ProjectDefense.java
E:\Studia\Semestr 6\ProjektZespoˆowy\Aplikacja\DeansOffice\src\main\java\OfficeDeans\packagePerson\OfficeEmployee.java
E:\Studia\Semestr 6\ProjektZespoˆowy\Aplikacja\DeansOffice\src\main\java\OfficeDeans\packagePerson\Person.java
E:\Studia\Semestr 6\ProjektZespoˆowy\Aplikacja\DeansOffice\src\main\java\OfficeDeans\packagePerson\Student.java
E:\Studia\Semestr 6\ProjektZespoˆowy\Aplikacja\DeansOffice\src\main\java\OfficeDeans\packagePerson\Teacher.java
E:\Studia\Semestr 6\ProjektZespoˆowy\Aplikacja\DeansOffice\src\main\java\OfficeDeans\packageProposal\AcceptedProposalState.java
E:\Studia\Semestr 6\ProjektZespoˆowy\Aplikacja\DeansOffice\src\main\java\OfficeDeans\packageProposal\PendingProposalState.java
E:\Studia\Semestr 6\ProjektZespoˆowy\Aplikacja\DeansOffice\src\main\java\OfficeDeans\packageProposal\Proposal.java
E:\Studia\Semestr 6\ProjektZespoˆowy\Aplikacja\DeansOffice\src\main\java\OfficeDeans\packageProposal\ProposalState.java
E:\Studia\Semestr 6\ProjektZespoˆowy\Aplikacja\DeansOffice\src\main\java\OfficeDeans\packageProposal\RejectedProposalState.java
